# PROMPT LOG


Please read `INIT_SESSION.md` to get an idea about this project. When ready, please implement the following task.

I would like to update the `keep/bastion-tunnel.sh` script so that it can take an argument in either of the following formats:

- Full ID: `/subscriptions/879b3461-ae43-432e-a410-1bb755c8115e/resourceGroups/rg-vm-live-pay4-aea/providers/Microsoft.Compute/virtualMachines/cloud-pay4-1`
- Just VM name: `pay4`

Please use subagents for this task, if necessary, to optimise your context window. Try not to go above 200K. Do not go above 5 subagents.

Please ensure the global knowledge base is referenced as necessary, and updated if useful knowledge should be recorded from performing this task.

**IMPORTANT: Please use the `simple-english` skill for documents, code comments as well as for any questions or responses for me, Adam, the human user.**

Please ask me any questions you need clarifying before proceeding.


-----


What would it take to be able to look up the VM ID, based on the name in the ARG, eg. `pay4` or `kitomba`? Also, what would it take to get the password from the related keyvault secret?


-----


The command:

```
az keyvault secret list --vault-name live-pos-vms-pay4 --query '[].name' -o tsv
```

Fails with an error caused by Warp:

```
[SSL: CERTIFICATE_VERIFY_FAILED] certificate verify failed: self-signed certificate in certificate chain (_ssl.c:1010)
```

Are you able to work out what domain I need to bypass in Warp for the command to work?
